// Jest Snapshot v1, https://goo.gl/fbAQLP

exports[`Counter renders correctly 1`] = `
ShallowWrapper {
  "length": 1,
  Symbol(enzyme.__root__): [Circular],
  Symbol(enzyme.__unrendered__): <View
    style={
      Object {
        "alignItems": "center",
        "flex": 1,
        "justifyContent": "center",
      }
    }
  >
    <Text
      accessible={true}
      allowFontScaling={true}
      ellipsizeMode="tail"
    >
      deviceId
    </Text>
    <TextInput
      allowFontScaling={true}
      onChangeText={[Function]}
      style={
        Object {
          "alignSelf": "center",
          "backgroundColor": "gray",
          "height": 44,
          "width": "80%",
        }
      }
      value=""
    />
    <Text
      accessible={true}
      allowFontScaling={true}
      ellipsizeMode="tail"
      style={
        Object {
          "fontSize": 70,
          "fontWeight": "bold",
        }
      }
    >
      0
    </Text>
    <View
      style={
        Object {
          "flexDirection": "row",
        }
      }
    >
      <TouchableOpacity
        activeOpacity={0.2}
        onPress={[Function]}
        style={
          Array [
            Object {
              "alignItems": "center",
              "borderRadius": 6,
              "height": 40,
              "justifyContent": "center",
              "margin": 8,
              "width": 40,
            },
            Object {
              "backgroundColor": "#e74c3c",
            },
          ]
        }
      >
        <Text
          accessible={true}
          allowFontScaling={true}
          ellipsizeMode="tail"
          style={
            Object {
              "color": "black",
              "fontSize": 24,
            }
          }
        >
          -
        </Text>
      </TouchableOpacity>
      <TouchableOpacity
        activeOpacity={0.2}
        onPress={[Function]}
        style={
          Array [
            Object {
              "alignItems": "center",
              "borderRadius": 6,
              "height": 40,
              "justifyContent": "center",
              "margin": 8,
              "width": 40,
            },
            Object {
              "backgroundColor": "#2ecc71",
            },
          ]
        }
      >
        <Text
          accessible={true}
          allowFontScaling={true}
          ellipsizeMode="tail"
          style={
            Object {
              "color": "black",
              "fontSize": 24,
            }
          }
        >
          +
        </Text>
      </TouchableOpacity>
    </View>
    <TouchableOpacity
      activeOpacity={0.2}
      onPress={[Function]}
    >
      <Text
        accessible={true}
        allowFontScaling={true}
        ellipsizeMode="tail"
      >
        Show Bundle
      </Text>
    </TouchableOpacity>
  </View>,
  Symbol(enzyme.__renderer__): Object {
    "batchedUpdates": [Function],
    "getNode": [Function],
    "render": [Function],
    "simulateEvent": [Function],
    "unmount": [Function],
  },
  Symbol(enzyme.__node__): Object {
    "instance": null,
    "key": undefined,
    "nodeType": "host",
    "props": Object {
      "children": Array [
        <Text
          accessible={true}
          allowFontScaling={true}
          ellipsizeMode="tail"
        >
          deviceId
        </Text>,
        <TextInput
          allowFontScaling={true}
          onChangeText={[Function]}
          style={
            Object {
              "alignSelf": "center",
              "backgroundColor": "gray",
              "height": 44,
              "width": "80%",
            }
          }
          value=""
        />,
        <Text
          accessible={true}
          allowFontScaling={true}
          ellipsizeMode="tail"
          style={
            Object {
              "fontSize": 70,
              "fontWeight": "bold",
            }
          }
        >
          0
        </Text>,
        <View
          style={
            Object {
              "flexDirection": "row",
            }
          }
        >
          <TouchableOpacity
            activeOpacity={0.2}
            onPress={[Function]}
            style={
              Array [
                Object {
                  "alignItems": "center",
                  "borderRadius": 6,
                  "height": 40,
                  "justifyContent": "center",
                  "margin": 8,
                  "width": 40,
                },
                Object {
                  "backgroundColor": "#e74c3c",
                },
              ]
            }
          >
            <Text
              accessible={true}
              allowFontScaling={true}
              ellipsizeMode="tail"
              style={
                Object {
                  "color": "black",
                  "fontSize": 24,
                }
              }
            >
              -
            </Text>
          </TouchableOpacity>
          <TouchableOpacity
            activeOpacity={0.2}
            onPress={[Function]}
            style={
              Array [
                Object {
                  "alignItems": "center",
                  "borderRadius": 6,
                  "height": 40,
                  "justifyContent": "center",
                  "margin": 8,
                  "width": 40,
                },
                Object {
                  "backgroundColor": "#2ecc71",
                },
              ]
            }
          >
            <Text
              accessible={true}
              allowFontScaling={true}
              ellipsizeMode="tail"
              style={
                Object {
                  "color": "black",
                  "fontSize": 24,
                }
              }
            >
              +
            </Text>
          </TouchableOpacity>
        </View>,
        <TouchableOpacity
          activeOpacity={0.2}
          onPress={[Function]}
        >
          <Text
            accessible={true}
            allowFontScaling={true}
            ellipsizeMode="tail"
          >
            Show Bundle
          </Text>
        </TouchableOpacity>,
      ],
      "style": Object {
        "alignItems": "center",
        "flex": 1,
        "justifyContent": "center",
      },
    },
    "ref": null,
    "rendered": Array [
      Object {
        "instance": null,
        "key": undefined,
        "nodeType": "class",
        "props": Object {
          "accessible": true,
          "allowFontScaling": true,
          "children": "deviceId",
          "ellipsizeMode": "tail",
        },
        "ref": null,
        "rendered": "deviceId",
        "type": [Function],
      },
      Object {
        "instance": null,
        "key": undefined,
        "nodeType": "class",
        "props": Object {
          "allowFontScaling": true,
          "onChangeText": [Function],
          "style": Object {
            "alignSelf": "center",
            "backgroundColor": "gray",
            "height": 44,
            "width": "80%",
          },
          "value": "",
        },
        "ref": null,
        "rendered": null,
        "type": [Function],
      },
      Object {
        "instance": null,
        "key": undefined,
        "nodeType": "class",
        "props": Object {
          "accessible": true,
          "allowFontScaling": true,
          "children": 0,
          "ellipsizeMode": "tail",
          "style": Object {
            "fontSize": 70,
            "fontWeight": "bold",
          },
        },
        "ref": null,
        "rendered": 0,
        "type": [Function],
      },
      Object {
        "instance": null,
        "key": undefined,
        "nodeType": "class",
        "props": Object {
          "children": Array [
            <TouchableOpacity
              activeOpacity={0.2}
              onPress={[Function]}
              style={
                Array [
                  Object {
                    "alignItems": "center",
                    "borderRadius": 6,
                    "height": 40,
                    "justifyContent": "center",
                    "margin": 8,
                    "width": 40,
                  },
                  Object {
                    "backgroundColor": "#e74c3c",
                  },
                ]
              }
            >
              <Text
                accessible={true}
                allowFontScaling={true}
                ellipsizeMode="tail"
                style={
                  Object {
                    "color": "black",
                    "fontSize": 24,
                  }
                }
              >
                -
              </Text>
            </TouchableOpacity>,
            <TouchableOpacity
              activeOpacity={0.2}
              onPress={[Function]}
              style={
                Array [
                  Object {
                    "alignItems": "center",
                    "borderRadius": 6,
                    "height": 40,
                    "justifyContent": "center",
                    "margin": 8,
                    "width": 40,
                  },
                  Object {
                    "backgroundColor": "#2ecc71",
                  },
                ]
              }
            >
              <Text
                accessible={true}
                allowFontScaling={true}
                ellipsizeMode="tail"
                style={
                  Object {
                    "color": "black",
                    "fontSize": 24,
                  }
                }
              >
                +
              </Text>
            </TouchableOpacity>,
          ],
          "style": Object {
            "flexDirection": "row",
          },
        },
        "ref": null,
        "rendered": Array [
          Object {
            "instance": null,
            "key": "key_decrement",
            "nodeType": "class",
            "props": Object {
              "activeOpacity": 0.2,
              "children": <Text
                accessible={true}
                allowFontScaling={true}
                ellipsizeMode="tail"
                style={
                  Object {
                    "color": "black",
                    "fontSize": 24,
                  }
                }
              >
                -
              </Text>,
              "onPress": [Function],
              "style": Array [
                Object {
                  "alignItems": "center",
                  "borderRadius": 6,
                  "height": 40,
                  "justifyContent": "center",
                  "margin": 8,
                  "width": 40,
                },
                Object {
                  "backgroundColor": "#e74c3c",
                },
              ],
            },
            "ref": null,
            "rendered": Object {
              "instance": null,
              "key": undefined,
              "nodeType": "class",
              "props": Object {
                "accessible": true,
                "allowFontScaling": true,
                "children": "-",
                "ellipsizeMode": "tail",
                "style": Object {
                  "color": "black",
                  "fontSize": 24,
                },
              },
              "ref": null,
              "rendered": "-",
              "type": [Function],
            },
            "type": [Function],
          },
          Object {
            "instance": null,
            "key": "key_increment",
            "nodeType": "class",
            "props": Object {
              "activeOpacity": 0.2,
              "children": <Text
                accessible={true}
                allowFontScaling={true}
                ellipsizeMode="tail"
                style={
                  Object {
                    "color": "black",
                    "fontSize": 24,
                  }
                }
              >
                +
              </Text>,
              "onPress": [Function],
              "style": Array [
                Object {
                  "alignItems": "center",
                  "borderRadius": 6,
                  "height": 40,
                  "justifyContent": "center",
                  "margin": 8,
                  "width": 40,
                },
                Object {
                  "backgroundColor": "#2ecc71",
                },
              ],
            },
            "ref": null,
            "rendered": Object {
              "instance": null,
              "key": undefined,
              "nodeType": "class",
              "props": Object {
                "accessible": true,
                "allowFontScaling": true,
                "children": "+",
                "ellipsizeMode": "tail",
                "style": Object {
                  "color": "black",
                  "fontSize": 24,
                },
              },
              "ref": null,
              "rendered": "+",
              "type": [Function],
            },
            "type": [Function],
          },
        ],
        "type": [Function],
      },
      Object {
        "instance": null,
        "key": "key_bundle",
        "nodeType": "class",
        "props": Object {
          "activeOpacity": 0.2,
          "children": <Text
            accessible={true}
            allowFontScaling={true}
            ellipsizeMode="tail"
          >
            Show Bundle
          </Text>,
          "onPress": [Function],
        },
        "ref": null,
        "rendered": Object {
          "instance": null,
          "key": undefined,
          "nodeType": "class",
          "props": Object {
            "accessible": true,
            "allowFontScaling": true,
            "children": "Show Bundle",
            "ellipsizeMode": "tail",
          },
          "ref": null,
          "rendered": "Show Bundle",
          "type": [Function],
        },
        "type": [Function],
      },
    ],
    "type": "View",
  },
  Symbol(enzyme.__nodes__): Array [
    Object {
      "instance": null,
      "key": undefined,
      "nodeType": "host",
      "props": Object {
        "children": Array [
          <Text
            accessible={true}
            allowFontScaling={true}
            ellipsizeMode="tail"
          >
            deviceId
          </Text>,
          <TextInput
            allowFontScaling={true}
            onChangeText={[Function]}
            style={
              Object {
                "alignSelf": "center",
                "backgroundColor": "gray",
                "height": 44,
                "width": "80%",
              }
            }
            value=""
          />,
          <Text
            accessible={true}
            allowFontScaling={true}
            ellipsizeMode="tail"
            style={
              Object {
                "fontSize": 70,
                "fontWeight": "bold",
              }
            }
          >
            0
          </Text>,
          <View
            style={
              Object {
                "flexDirection": "row",
              }
            }
          >
            <TouchableOpacity
              activeOpacity={0.2}
              onPress={[Function]}
              style={
                Array [
                  Object {
                    "alignItems": "center",
                    "borderRadius": 6,
                    "height": 40,
                    "justifyContent": "center",
                    "margin": 8,
                    "width": 40,
                  },
                  Object {
                    "backgroundColor": "#e74c3c",
                  },
                ]
              }
            >
              <Text
                accessible={true}
                allowFontScaling={true}
                ellipsizeMode="tail"
                style={
                  Object {
                    "color": "black",
                    "fontSize": 24,
                  }
                }
              >
                -
              </Text>
            </TouchableOpacity>
            <TouchableOpacity
              activeOpacity={0.2}
              onPress={[Function]}
              style={
                Array [
                  Object {
                    "alignItems": "center",
                    "borderRadius": 6,
                    "height": 40,
                    "justifyContent": "center",
                    "margin": 8,
                    "width": 40,
                  },
                  Object {
                    "backgroundColor": "#2ecc71",
                  },
                ]
              }
            >
              <Text
                accessible={true}
                allowFontScaling={true}
                ellipsizeMode="tail"
                style={
                  Object {
                    "color": "black",
                    "fontSize": 24,
                  }
                }
              >
                +
              </Text>
            </TouchableOpacity>
          </View>,
          <TouchableOpacity
            activeOpacity={0.2}
            onPress={[Function]}
          >
            <Text
              accessible={true}
              allowFontScaling={true}
              ellipsizeMode="tail"
            >
              Show Bundle
            </Text>
          </TouchableOpacity>,
        ],
        "style": Object {
          "alignItems": "center",
          "flex": 1,
          "justifyContent": "center",
        },
      },
      "ref": null,
      "rendered": Array [
        Object {
          "instance": null,
          "key": undefined,
          "nodeType": "class",
          "props": Object {
            "accessible": true,
            "allowFontScaling": true,
            "children": "deviceId",
            "ellipsizeMode": "tail",
          },
          "ref": null,
          "rendered": "deviceId",
          "type": [Function],
        },
        Object {
          "instance": null,
          "key": undefined,
          "nodeType": "class",
          "props": Object {
            "allowFontScaling": true,
            "onChangeText": [Function],
            "style": Object {
              "alignSelf": "center",
              "backgroundColor": "gray",
              "height": 44,
              "width": "80%",
            },
            "value": "",
          },
          "ref": null,
          "rendered": null,
          "type": [Function],
        },
        Object {
          "instance": null,
          "key": undefined,
          "nodeType": "class",
          "props": Object {
            "accessible": true,
            "allowFontScaling": true,
            "children": 0,
            "ellipsizeMode": "tail",
            "style": Object {
              "fontSize": 70,
              "fontWeight": "bold",
            },
          },
          "ref": null,
          "rendered": 0,
          "type": [Function],
        },
        Object {
          "instance": null,
          "key": undefined,
          "nodeType": "class",
          "props": Object {
            "children": Array [
              <TouchableOpacity
                activeOpacity={0.2}
                onPress={[Function]}
                style={
                  Array [
                    Object {
                      "alignItems": "center",
                      "borderRadius": 6,
                      "height": 40,
                      "justifyContent": "center",
                      "margin": 8,
                      "width": 40,
                    },
                    Object {
                      "backgroundColor": "#e74c3c",
                    },
                  ]
                }
              >
                <Text
                  accessible={true}
                  allowFontScaling={true}
                  ellipsizeMode="tail"
                  style={
                    Object {
                      "color": "black",
                      "fontSize": 24,
                    }
                  }
                >
                  -
                </Text>
              </TouchableOpacity>,
              <TouchableOpacity
                activeOpacity={0.2}
                onPress={[Function]}
                style={
                  Array [
                    Object {
                      "alignItems": "center",
                      "borderRadius": 6,
                      "height": 40,
                      "justifyContent": "center",
                      "margin": 8,
                      "width": 40,
                    },
                    Object {
                      "backgroundColor": "#2ecc71",
                    },
                  ]
                }
              >
                <Text
                  accessible={true}
                  allowFontScaling={true}
                  ellipsizeMode="tail"
                  style={
                    Object {
                      "color": "black",
                      "fontSize": 24,
                    }
                  }
                >
                  +
                </Text>
              </TouchableOpacity>,
            ],
            "style": Object {
              "flexDirection": "row",
            },
          },
          "ref": null,
          "rendered": Array [
            Object {
              "instance": null,
              "key": "key_decrement",
              "nodeType": "class",
              "props": Object {
                "activeOpacity": 0.2,
                "children": <Text
                  accessible={true}
                  allowFontScaling={true}
                  ellipsizeMode="tail"
                  style={
                    Object {
                      "color": "black",
                      "fontSize": 24,
                    }
                  }
                >
                  -
                </Text>,
                "onPress": [Function],
                "style": Array [
                  Object {
                    "alignItems": "center",
                    "borderRadius": 6,
                    "height": 40,
                    "justifyContent": "center",
                    "margin": 8,
                    "width": 40,
                  },
                  Object {
                    "backgroundColor": "#e74c3c",
                  },
                ],
              },
              "ref": null,
              "rendered": Object {
                "instance": null,
                "key": undefined,
                "nodeType": "class",
                "props": Object {
                  "accessible": true,
                  "allowFontScaling": true,
                  "children": "-",
                  "ellipsizeMode": "tail",
                  "style": Object {
                    "color": "black",
                    "fontSize": 24,
                  },
                },
                "ref": null,
                "rendered": "-",
                "type": [Function],
              },
              "type": [Function],
            },
            Object {
              "instance": null,
              "key": "key_increment",
              "nodeType": "class",
              "props": Object {
                "activeOpacity": 0.2,
                "children": <Text
                  accessible={true}
                  allowFontScaling={true}
                  ellipsizeMode="tail"
                  style={
                    Object {
                      "color": "black",
                      "fontSize": 24,
                    }
                  }
                >
                  +
                </Text>,
                "onPress": [Function],
                "style": Array [
                  Object {
                    "alignItems": "center",
                    "borderRadius": 6,
                    "height": 40,
                    "justifyContent": "center",
                    "margin": 8,
                    "width": 40,
                  },
                  Object {
                    "backgroundColor": "#2ecc71",
                  },
                ],
              },
              "ref": null,
              "rendered": Object {
                "instance": null,
                "key": undefined,
                "nodeType": "class",
                "props": Object {
                  "accessible": true,
                  "allowFontScaling": true,
                  "children": "+",
                  "ellipsizeMode": "tail",
                  "style": Object {
                    "color": "black",
                    "fontSize": 24,
                  },
                },
                "ref": null,
                "rendered": "+",
                "type": [Function],
              },
              "type": [Function],
            },
          ],
          "type": [Function],
        },
        Object {
          "instance": null,
          "key": "key_bundle",
          "nodeType": "class",
          "props": Object {
            "activeOpacity": 0.2,
            "children": <Text
              accessible={true}
              allowFontScaling={true}
              ellipsizeMode="tail"
            >
              Show Bundle
            </Text>,
            "onPress": [Function],
          },
          "ref": null,
          "rendered": Object {
            "instance": null,
            "key": undefined,
            "nodeType": "class",
            "props": Object {
              "accessible": true,
              "allowFontScaling": true,
              "children": "Show Bundle",
              "ellipsizeMode": "tail",
            },
            "ref": null,
            "rendered": "Show Bundle",
            "type": [Function],
          },
          "type": [Function],
        },
      ],
      "type": "View",
    },
  ],
  Symbol(enzyme.__options__): Object {
    "adapter": ReactSixteenAdapter {
      "options": Object {
        "enableComponentDidUpdateOnSetState": true,
      },
    },
  },
}
`;
